> 
*** Yes
> > 
*** Yes
A = [|,
     or,
     mod,
     and,
     `,
     ^,
     \/,
     \+,
     \,
     >>,
     >=,
     >,
     =\=,
     ===,
     =<,
     =:=,
     =,
     <|,
     <<-,
     <<,
     <-,
     <,
     ;,
     :\>=,
     :\><,
     :\>,
     :\==,
     :\=<,
     :\<,
     :>=,
     :><,
     :>,
     :==,
     :=<,
     :=,
     :<,
     ::,
     :-,
     :,
     /\,
     //,
     /,
     ->,
     -,
     -,
     ,,
     +,
     +,
     *,
     &,
     $\==,
     $>=,
     $>,
     $==,
     $=<,
     $<], 
X = op.

--1> 
*** No
> 
