> 
*** Yes
> > 
*** Yes
A = @, X = @~.
--1> 
*** Yes
A = 1, X = A.
----2> 
*** No
A = @, X = @~.
--1> 
*** Yes
A = 2, X = A.
----2> 
*** No
A = @, X = @~.
--1> 
*** No
A = @, X = @~.
--1> > > 
*** Yes
A = @, X = @~.
--1> 
*** Yes
A = 1, X = A.
----2> 
*** No
A = @, X = @~.
--1> 
*** Yes
A = 2, X = A.
----2> 
*** No
A = @, X = @~.
--1> 
*** No
A = @, X = @~.
--1> > > 
*** Yes
A = @, X = @~.
--1> 
*** Yes
A = 1, X = A.
----2> 
*** No
A = @, X = @~.
--1> 
*** Yes
A = 2, X = A.
----2> 
*** No
A = @, X = @~.
--1> 
*** No
A = @, X = @~.
--1> > > 
